000 (168177.000.000) 06/08 19:37:22 Job submitted from host: <128.186.19.131:9618?addrs=128.186.19.131-9618&noUDP&sock=2099_5161_4>
...
001 (168177.000.000) 06/18 18:23:51 Job executing on host: <128.186.19.131:9618?addrs=128.186.19.131-9618&noUDP&sock=2099_5161_3>
...
006 (168177.000.000) 06/18 18:23:59 Image size of job updated: 4360
	5  -  MemoryUsage of job (MB)
	4360  -  ResidentSetSize of job (KB)
...
010 (168177.000.000) 06/18 18:25:51 Job was suspended.
	Number of processes actually suspended: 11
...
011 (168177.000.000) 06/18 18:50:53 Job was unsuspended.
...
006 (168177.000.000) 06/18 18:50:54 Image size of job updated: 4368
	5  -  MemoryUsage of job (MB)
	4368  -  ResidentSetSize of job (KB)
...
010 (168177.000.000) 06/18 18:53:13 Job was suspended.
	Number of processes actually suspended: 11
...
006 (168177.000.000) 06/18 18:53:13 Image size of job updated: 4376
	5  -  MemoryUsage of job (MB)
	4376  -  ResidentSetSize of job (KB)
...
011 (168177.000.000) 06/18 18:56:04 Job was unsuspended.
...
006 (168177.000.000) 06/18 18:56:05 Image size of job updated: 4380
	5  -  MemoryUsage of job (MB)
	4380  -  ResidentSetSize of job (KB)
...
006 (168177.000.000) 06/18 19:09:04 Image size of job updated: 602252
	589  -  MemoryUsage of job (MB)
	602252  -  ResidentSetSize of job (KB)
...
006 (168177.000.000) 06/18 19:14:04 Image size of job updated: 626596
	612  -  MemoryUsage of job (MB)
	626596  -  ResidentSetSize of job (KB)
...
006 (168177.000.000) 06/18 19:19:04 Image size of job updated: 632144
	618  -  MemoryUsage of job (MB)
	632144  -  ResidentSetSize of job (KB)
...
006 (168177.000.000) 06/18 19:24:05 Image size of job updated: 634700
	620  -  MemoryUsage of job (MB)
	634700  -  ResidentSetSize of job (KB)
...
006 (168177.000.000) 06/18 19:29:05 Image size of job updated: 1179784
	1153  -  MemoryUsage of job (MB)
	1179784  -  ResidentSetSize of job (KB)
...
006 (168177.000.000) 06/18 19:34:06 Image size of job updated: 1240408
	1212  -  MemoryUsage of job (MB)
	1240408  -  ResidentSetSize of job (KB)
...
006 (168177.000.000) 06/18 19:39:07 Image size of job updated: 1244592
	1216  -  MemoryUsage of job (MB)
	1244592  -  ResidentSetSize of job (KB)
...
006 (168177.000.000) 06/18 19:42:13 Image size of job updated: 2316676
	1216  -  MemoryUsage of job (MB)
	1244592  -  ResidentSetSize of job (KB)
...
005 (168177.000.000) 06/18 19:42:13 Job terminated.
	(1) Normal termination (return value 0)
		Usr 0 03:41:12, Sys 0 00:04:27  -  Run Remote Usage
		Usr 0 00:00:00, Sys 0 00:00:00  -  Run Local Usage
		Usr 0 03:41:12, Sys 0 00:04:27  -  Total Remote Usage
		Usr 0 00:00:00, Sys 0 00:00:00  -  Total Local Usage
	0  -  Run Bytes Sent By Job
	0  -  Run Bytes Received By Job
	0  -  Total Bytes Sent By Job
	0  -  Total Bytes Received By Job
	Partitionable Resources :    Usage  Request Allocated 
	   Cpus                 :     8.03        8         8 
	   Disk (KB)            :    75          75    407230 
	   Memory (MB)          :  1216           1       100 
...
